---
source: src/tui/tests/screen_snapshot_tests.rs
expression: output
---

 ┌────────────────────────────────────────────────────────────────────────────┐
 │                           Import Existing Passkey                          │
 └────────────────────────────────────────────────────────────────────────────┘


 Enter your 12 or 24 word Passkey (separated by spaces):

 ┌ Input ─────────────────────────────────────────────────────────────────────┐
 │> one two three                                                             │
 │                                                                            │
 │Hint: Press Enter to validate when done                                     │
 └────────────────────────────────────────────────────────────────────────────┘
 ✗ Passkey must be 12 or 24 words (current: 3 words)






 ┌────────────────────────────────────────────────────────────────────────────┐
 │                        Enter: Validate    Esc: Back                        │
 └────────────────────────────────────────────────────────────────────────────┘
