---
source: src/tui/tests/screen_snapshot_tests.rs
expression: output
---

 ┌────────────────────────────────────────────────────────────────────────────┐
 │                              生 成 新 的  Passkey                              │
 └────────────────────────────────────────────────────────────────────────────┘


                ⚠️  请 务 必 保 存 以 下  24 词 ， 这 是 恢 复 数 据 的 唯 一 方 式 ！


 ┌ Passkey ───────────────────────────────────────────────────────────────────┐
 │  1. abandon        2. ability        3. able           4. about            │
 │  5. above          6. absent         7. absorb         8. abstract         │
 │  9. absurd        10. abuse         11. access        12. accident         │
 │ 13. account       14. accuse        15. achieve       16. acid             │
 │ 17. acoustic      18. acquire       19. across        20. act              │
 │ 21. action        22. actor         23. actress       24. actual           │
 └────────────────────────────────────────────────────────────────────────────┘
 ┌────────────────────────────────────────────────────────────────────────────┐
 │                             ☐ 我 已 保 存  Passkey                             │
 └────────────────────────────────────────────────────────────────────────────┘
 ┌────────────────────────────────────────────────────────────────────────────┐
 │                 Enter: 需 先 确 认     Space: 确 认     Esc: 返 回                 │
 └────────────────────────────────────────────────────────────────────────────┘
