---
source: src/tui/tests/app_snapshot_tests.rs
expression: seq.to_string()
---
Sequence: multiple_commands

Step 1: after_help
─────────────────
count: 34

Step 2: after_config
───────────────────
count: 53

Step 3: after_list
─────────────────
count: 55

Step 4: after_new
────────────────
count: 79
