---
source: src/tui/tests/integration_tests.rs
expression: seq.to_string()
---
Sequence: wizard_back_flow

Step 1: at_master_password
─────────────────────────

 ┌────────────────────────────────────────────────────────────────────────────┐
 │                             设 置 本 设 备 的 主 密 码                              │
 └────────────────────────────────────────────────────────────────────────────┘


 ┌ 主 密 码  ────────────────────────────────────────────────────────────────────┐
 │主 密 码 : 在 此 输 入 ...                                                         │
 │  ⚠️  强 度 : 弱  (0/100)                                                       │
 │                                                                            │
 └────────────────────────────────────────────────────────────────────────────┘
 ┌ 确 认 密 码  ──────────────────────────────────────────────────────────────────┐
 │确 认 密 码 :                                                                   │
 │                                                                            │
 │                                                                            │
 └────────────────────────────────────────────────────────────────────────────┘
 提 示 : 密 码 至 少 需 要  8 个 字 符


 💡  此 密 码 仅 用 于 加 密  Passkey
 ┌────────────────────────────────────────────────────────────────────────────┐
 │                    Enter         Tab: 切 换     Esc: 返 回                     │
 └────────────────────────────────────────────────────────────────────────────┘


Step 2: back_to_confirm
──────────────────────

 ┌────────────────────────────────────────────────────────────────────────────┐
 │                                确 认  Passkey                                │
 └────────────────────────────────────────────────────────────────────────────┘


                          ⚠️  请 确 认 您 已 妥 善 保 存  Passkey

 ┌ Passkey 摘 要  ──────────────────────────────────────────────────────────────┐
 │Passkey 摘 要  (共  24 词 ):                                                    │
 │                                                                            │
 │前  4 词 :                                                                    │
 │word word word word                                                         │
 │                                                                            │
 │后  4 词 :                                                                    │
 │word word word word                                                         │
 └────────────────────────────────────────────────────────────────────────────┘
 ┌────────────────────────────────────────────────────────────────────────────┐
 │                          ☐ 我 已 安 全 保 存 此  Passkey                          │
 └────────────────────────────────────────────────────────────────────────────┘
 ┌────────────────────────────────────────────────────────────────────────────┐
 │                 Enter: 需 先 确 认     Space: 确 认     Esc: 返 回                 │
 └────────────────────────────────────────────────────────────────────────────┘


Step 3: back_to_generate
───────────────────────

 ┌────────────────────────────────────────────────────────────────────────────┐
 │                              生 成 新 的  Passkey                              │
 └────────────────────────────────────────────────────────────────────────────┘


                ⚠️  请 务 必 保 存 以 下  24 词 ， 这 是 恢 复 数 据 的 唯 一 方 式 ！


 ┌────────────────────────────────────────────────────────────────────────────┐
 │                             正 在 生 成  Passkey...                            │
 │                                                                            │
 │                                                                            │
 │                                                                            │
 │                                                                            │
 │                                                                            │
 └────────────────────────────────────────────────────────────────────────────┘
 ┌────────────────────────────────────────────────────────────────────────────┐
 │                             ☐ 我 已 保 存  Passkey                             │
 └────────────────────────────────────────────────────────────────────────────┘
 ┌────────────────────────────────────────────────────────────────────────────┐
 │                 Enter: 需 先 确 认     Space: 确 认     Esc: 返 回                 │
 └────────────────────────────────────────────────────────────────────────────┘
