---
source: src/tui/tests/wizard_snapshot_tests.rs
expression: state
---
WizardState {
    step: MasterPasswordConfirm,
    passkey_choice: Some(
        GenerateNew,
    ),
    passkey_words: Some(
        [
            "abandon",
            "ability",
            "able",
            "about",
            "above",
            "absent",
            "absorb",
            "abstract",
            "absurd",
            "abuse",
            "access",
            "accident",
            "account",
            "accuse",
            "achieve",
            "acid",
            "acoustic",
            "acquire",
            "across",
            "act",
            "action",
            "actor",
            "actress",
            "actual",
        ],
    ),
    master_password: Some(
        "secure_password_123",
    ),
    master_password_confirm: None,
    verify_positions: None,
    verify_answers: None,
    password_policy: PasswordPolicyConfig {
        default_type: Random,
        default_length: 16,
        min_digits: 2,
        min_special: 1,
    },
    clipboard_timeout: Seconds30,
    trash_retention: Days30,
    skip_import: true,
    confirmed: true,
    keystore_path: None,
    error: None,
}
