---
source: src/tui/tests/visual_regression_tests.rs
expression: seq.to_string()
---
Sequence: screen_navigation_render

Step 1: main_screen
──────────────────
┌ OpenKeyring TUI ─────────────────────────────────────────────────────────────┐
│OpenKeyring TUI v0.1.0                                                        │
│Type /help for available commands                                             │
│                                                                              │
│                                                                              │
│                                                                              │
│                                                                              │
│                                                                              │
│                                                                              │
│                                                                              │
│                                                                              │
│                                                                              │
│                                                                              │
│                                                                              │
│                                                                              │
│                                                                              │
│                                                                              │
│                                                                              │
│                                                                              │
└──────────────────────────────────────────────────────────────────────────────┘
┌──────────────────────────────────────────────────────────────────────────────┐
│> Type a command...                                                           │
└──────────────────────────────────────────────────────────────────────────────┘
┌──────────────────────────────────────────────────────────────────────────────┐

Step 2: settings_screen
──────────────────────
┌ OpenKeyring TUI ─────────────────────────────────────────────────────────────┐
│OpenKeyring TUI v0.1.0                                                        │
│Type /help for available commands                                             │
│                                                                              │
│Navigated to: Settings                                                        │
│                                                                              │
│                                                                              │
│                                                                              │
│                                                                              │
│                                                                              │
│                                                                              │
│                                                                              │
│                                                                              │
│                                                                              │
│                                                                              │
│                                                                              │
│                                                                              │
│                                                                              │
│                                                                              │
└──────────────────────────────────────────────────────────────────────────────┘
┌──────────────────────────────────────────────────────────────────────────────┐
│> Type a command...                                                           │
└──────────────────────────────────────────────────────────────────────────────┘
┌──────────────────────────────────────────────────────────────────────────────┐

Step 3: help_screen
──────────────────
┌ OpenKeyring TUI ─────────────────────────────────────────────────────────────┐
│OpenKeyring TUI v0.1.0                                                        │
│Type /help for available commands                                             │
│                                                                              │
│Navigated to: Settings                                                        │
│Navigated to: Help                                                            │
│                                                                              │
│                                                                              │
│                                                                              │
│                                                                              │
│                                                                              │
│                                                                              │
│                                                                              │
│                                                                              │
│                                                                              │
│                                                                              │
│                                                                              │
│                                                                              │
│                                                                              │
└──────────────────────────────────────────────────────────────────────────────┘
┌──────────────────────────────────────────────────────────────────────────────┐
│> Type a command...                                                           │
└──────────────────────────────────────────────────────────────────────────────┘
┌──────────────────────────────────────────────────────────────────────────────┐

Step 4: back_to_main
───────────────────
┌ OpenKeyring TUI ─────────────────────────────────────────────────────────────┐
│OpenKeyring TUI v0.1.0                                                        │
│Type /help for available commands                                             │
│                                                                              │
│Navigated to: Settings                                                        │
│Navigated to: Help                                                            │
│Returned to main screen                                                       │
│                                                                              │
│                                                                              │
│                                                                              │
│                                                                              │
│                                                                              │
│                                                                              │
│                                                                              │
│                                                                              │
│                                                                              │
│                                                                              │
│                                                                              │
│                                                                              │
└──────────────────────────────────────────────────────────────────────────────┘
┌──────────────────────────────────────────────────────────────────────────────┐
│> Type a command...                                                           │
└──────────────────────────────────────────────────────────────────────────────┘
┌──────────────────────────────────────────────────────────────────────────────┐
