---
source: src/tui/tests/screen_snapshot_tests.rs
expression: output
---

 ┌────────────────────────────────────────────────────────────────────────────┐
 │                            Generate New Passkey                            │
 └────────────────────────────────────────────────────────────────────────────┘


    ⚠️  Please save these 12 words, this is the ONLY way to recover your data!


 ┌────────────────────────────────────────────────────────────────────────────┐
 │                            Generating Passkey...                           │
 │                                                                            │
 │                                                                            │
 │                                                                            │
 │                                                                            │
 │                                                                            │
 └────────────────────────────────────────────────────────────────────────────┘
 ┌────────────────────────────────────────────────────────────────────────────┐
 │                         ☐ I have saved the Passkey                         │
 └────────────────────────────────────────────────────────────────────────────┘
 ┌────────────────────────────────────────────────────────────────────────────┐
 │             Enter: Confirm first    Space: Confirm    Esc: Back            │
 └────────────────────────────────────────────────────────────────────────────┘
