---
source: src/tui/tests/screen_snapshot_tests.rs
expression: seq.to_string()
---
Sequence: confirm_toggle_flow

Step 1: initial
──────────────

 ┌────────────────────────────────────────────────────────────────────────────┐
 │                               Confirm Passkey                              │
 └────────────────────────────────────────────────────────────────────────────┘


               ⚠️  Please confirm you have safely saved the Passkey

 ┌ Passkey Summary ───────────────────────────────────────────────────────────┐
 │Passkey Summary (24 words):                                                 │
 │                                                                            │
 │First 4 words:                                                              │
 │word word word word                                                         │
 │                                                                            │
 │Last 4 words:                                                               │
 │word word word word                                                         │
 └────────────────────────────────────────────────────────────────────────────┘
 ┌────────────────────────────────────────────────────────────────────────────┐
 │                     ☐ I have safely saved this Passkey                     │
 └────────────────────────────────────────────────────────────────────────────┘
 ┌────────────────────────────────────────────────────────────────────────────┐
 │             Enter: Confirm first    Space: Confirm    Esc: Back            │
 └────────────────────────────────────────────────────────────────────────────┘


Step 2: confirmed
────────────────

 ┌────────────────────────────────────────────────────────────────────────────┐
 │                               Confirm Passkey                              │
 └────────────────────────────────────────────────────────────────────────────┘


               ⚠️  Please confirm you have safely saved the Passkey

 ┌ Passkey Summary ───────────────────────────────────────────────────────────┐
 │Passkey Summary (24 words):                                                 │
 │                                                                            │
 │First 4 words:                                                              │
 │word word word word                                                         │
 │                                                                            │
 │Last 4 words:                                                               │
 │word word word word                                                         │
 └────────────────────────────────────────────────────────────────────────────┘
 ┌────────────────────────────────────────────────────────────────────────────┐
 │                     ✓ I have safely saved this Passkey                     │
 └────────────────────────────────────────────────────────────────────────────┘
 ┌────────────────────────────────────────────────────────────────────────────┐
 │                 Enter: Next    Space: Confirm    Esc: Back                 │
 └────────────────────────────────────────────────────────────────────────────┘
