---
source: src/tui/tests/visual_regression_tests.rs
expression: seq.to_string()
---
Sequence: command_execution_render

Step 1: initial
──────────────
┌ [1] Groups ──────────────┐┌ [3] Details ─────────────────────────────────────┐
│[+] Work (5)              ││                                                  │
│[+] Personal (4)          ││OpenKeyring                                       │
│[+] Others (2)            ││Privacy-first Password Manager                    │
│                          ││                                                  │
│                          ││Version: v0.1.0                                   │
│                          ││License: MIT License                              │
│                          ││Website: github.com/open-keyring                  │
│                          ││                                                  │
│                          ││Press [n] to create your first password           │
│                          ││                                                  │
│                          ││                                                  │
│                          ││                                                  │
│                          ││                                                  │
│                          ││                                                  │
└──────────────────────────┘│                                                  │
┌ [2] Filters ─────────────┐│                                                  │
│[ ] 📋  All                │└──────────────────────────────────────────────────┘
│[ ] 🗑 Trash               │┌ [4] Status ──────────────────────────────────────┐
│[ ] ⏰  Expired            ││OpenKeyring v0.1.0                                │
│[ ] ⭐  Favorite           ││Stats: Coming soon                                │
│                          ││                                                  │
└──────────────────────────┘└──────────────────────────────────────────────────┘
Focus: Tree | [1-3] Switch | [j/k] Navigate | [q] Quit

Step 2: typed_help
─────────────────
┌ [1] Groups ──────────────┐┌ [3] Details ─────────────────────────────────────┐
│[+] Work (5)              ││                                                  │
│[+] Personal (4)          ││OpenKeyring                                       │
│[+] Others (2)            ││Privacy-first Password Manager                    │
│                          ││                                                  │
│                          ││Version: v0.1.0                                   │
│                          ││License: MIT License                              │
│                          ││Website: github.com/open-keyring                  │
│                          ││                                                  │
│                          ││Press [n] to create your first password           │
│                          ││                                                  │
│                          ││                                                  │
│                          ││                                                  │
│                          ││                                                  │
│                          ││                                                  │
└──────────────────────────┘│                                                  │
┌ [2] Filters ─────────────┐│                                                  │
│[ ] 📋  All                │└──────────────────────────────────────────────────┘
│[ ] 🗑 Trash               │┌ [4] Status ──────────────────────────────────────┐
│[ ] ⏰  Expired            ││OpenKeyring v0.1.0                                │
│[ ] ⭐  Favorite           ││Stats: Coming soon                                │
│                          ││                                                  │
└──────────────────────────┘└──────────────────────────────────────────────────┘
Focus: Tree | [1-3] Switch | [j/k] Navigate | [q] Quit

Step 3: submitted_help
─────────────────────
┌ [1] Groups ──────────────┐┌ [3] Details ─────────────────────────────────────┐
│[+] Work (5)              ││                                                  │
│[+] Personal (4)          ││OpenKeyring                                       │
│[+] Others (2)            ││Privacy-first Password Manager                    │
│                          ││                                                  │
│                          ││Version: v0.1.0                                   │
│                          ││License: MIT License                              │
│                          ││Website: github.com/open-keyring                  │
│                          ││                                                  │
│                          ││Press [n] to create your first password           │
│                          ││                                                  │
│                          ││                                                  │
│                          ││                                                  │
│                          ││                                                  │
│                          ││                                                  │
└──────────────────────────┘│                                                  │
┌ [2] Filters ─────────────┐│                                                  │
│[ ] 📋  All                │└──────────────────────────────────────────────────┘
│[ ] 🗑 Trash               │┌ [4] Status ──────────────────────────────────────┐
│[ ] ⏰  Expired            ││OpenKeyring v0.1.0                                │
│[ ] ⭐  Favorite           ││Stats: Coming soon                                │
│                          ││                                                  │
└──────────────────────────┘└──────────────────────────────────────────────────┘
Focus: Tree | [1-3] Switch | [j/k] Navigate | [q] Quit

Step 4: typed_config
───────────────────
┌ [1] Groups ──────────────┐┌ [3] Details ─────────────────────────────────────┐
│[+] Work (5)              ││                                                  │
│[+] Personal (4)          ││OpenKeyring                                       │
│[+] Others (2)            ││Privacy-first Password Manager                    │
│                          ││                                                  │
│                          ││Version: v0.1.0                                   │
│                          ││License: MIT License                              │
│                          ││Website: github.com/open-keyring                  │
│                          ││                                                  │
│                          ││Press [n] to create your first password           │
│                          ││                                                  │
│                          ││                                                  │
│                          ││                                                  │
│                          ││                                                  │
│                          ││                                                  │
└──────────────────────────┘│                                                  │
┌ [2] Filters ─────────────┐│                                                  │
│[ ] 📋  All                │└──────────────────────────────────────────────────┘
│[ ] 🗑 Trash               │┌ [4] Status ──────────────────────────────────────┐
│[ ] ⏰  Expired            ││OpenKeyring v0.1.0                                │
│[ ] ⭐  Favorite           ││Stats: Coming soon                                │
│                          ││                                                  │
└──────────────────────────┘└──────────────────────────────────────────────────┘
Focus: Tree | [1-3] Switch | [j/k] Navigate | [q] Quit

Step 5: submitted_config
───────────────────────
┌ [1] Groups ──────────────┐┌ [3] Details ─────────────────────────────────────┐
│[+] Work (5)              ││                                                  │
│[+] Personal (4)          ││OpenKeyring                                       │
│[+] Others (2)            ││Privacy-first Password Manager                    │
│                          ││                                                  │
│                          ││Version: v0.1.0                                   │
│                          ││License: MIT License                              │
│                          ││Website: github.com/open-keyring                  │
│                          ││                                                  │
│                          ││Press [n] to create your first password           │
│                          ││                                                  │
│                          ││                                                  │
│                          ││                                                  │
│                          ││                                                  │
│                          ││                                                  │
└──────────────────────────┘│                                                  │
┌ [2] Filters ─────────────┐│                                                  │
│[ ] 📋  All                │└──────────────────────────────────────────────────┘
│[ ] 🗑 Trash               │┌ [4] Status ──────────────────────────────────────┐
│[ ] ⏰  Expired            ││OpenKeyring v0.1.0                                │
│[ ] ⭐  Favorite           ││Stats: Coming soon                                │
│                          ││                                                  │
└──────────────────────────┘└──────────────────────────────────────────────────┘
Focus: Tree | [1-3] Switch | [j/k] Navigate | [q] Quit
