---
source: src/tui/tests/app_snapshot_tests.rs
expression: "&app.output_lines"
---
[
    "OpenKeyring TUI v0.1.0",
    "Type /help for available commands",
    "",
    "> /help",
    "",
    "Keyboard Shortcuts:",
    "",
    "  Ctrl+k               - Clear screen",
    "  Ctrl+y               - Copy password to clipboard",
    "  Ctrl+u               - Copy username to clipboard",
    "  Ctrl+n               - Create a new record",
    "  Ctrl+x               - Delete a record",
    "  Ctrl+d               - Disable synchronization",
    "  Ctrl+l               - List all records",
    "  Ctrl+p               - Open configuration",
    "  F2                   - Open settings screen",
    "  Ctrl+q               - Quit TUI",
    "  Ctrl+r               - Refresh current view",
    "  Ctrl+s               - Save configuration",
    "  Ctrl+f               - Search records",
    "  F1                   - Show help",
    "  ?                    - Show help screen",
    "  Ctrl+o               - Show record details",
    "  F5                   - Trigger synchronization",
    "  Ctrl+e               - Update a record",
    "",
    "Commands:",
    "  /list [filter]    - List password records",
    "  /show <name>      - Show a password record",
    "  /new              - Create a new record",
    "  /update <name>    - Update a record",
    "  /delete <name>    - Delete a record",
    "  /search <query>   - Search records",
    "  /health [flags]   - Check password health",
    "  /config [sub]     - Manage configuration",
    "  /exit             - Exit TUI",
    "",
]
