---
source: src/tui/tests/screen_snapshot_tests.rs
expression: seq.to_string()
---
Sequence: import_input_sequence

Step 1: with_partial_input
─────────────────────────

 ┌────────────────────────────────────────────────────────────────────────────┐
 │                              导 入 已 有  Passkey                              │
 └────────────────────────────────────────────────────────────────────────────┘


 请 输 入 您 的  12 或  24 词  Passkey（ 用 空 格 分 隔 ） :

 ┌ 输 入  / Input ──────────────────────────────────────────────────────────────┐
 │> abandon ability able about                                                │
 │                                                                            │
 │提 示 : 输 入 完 成 后 按  Enter 验 证                                                │
 └────────────────────────────────────────────────────────────────────────────┘







 ┌────────────────────────────────────────────────────────────────────────────┐
 │                          Enter: 验 证     Esc: 返 回                           │
 └────────────────────────────────────────────────────────────────────────────┘


Step 2: after_backspace
──────────────────────

 ┌────────────────────────────────────────────────────────────────────────────┐
 │                              导 入 已 有  Passkey                              │
 └────────────────────────────────────────────────────────────────────────────┘


 请 输 入 您 的  12 或  24 词  Passkey（ 用 空 格 分 隔 ） :

 ┌ 输 入  / Input ──────────────────────────────────────────────────────────────┐
 │> abandon ability able abou                                                 │
 │                                                                            │
 │提 示 : 输 入 完 成 后 按  Enter 验 证                                                │
 └────────────────────────────────────────────────────────────────────────────┘







 ┌────────────────────────────────────────────────────────────────────────────┐
 │                          Enter: 验 证     Esc: 返 回                           │
 └────────────────────────────────────────────────────────────────────────────┘
