---
source: src/tui/tests/integration_tests.rs
expression: seq.to_string()
---
Sequence: wizard_validations

Step 1: short_password
─────────────────────

 ┌────────────────────────────────────────────────────────────────────────────┐
 │                     Set Master Password for This Device                    │
 └────────────────────────────────────────────────────────────────────────────┘


 ┌ Master Password ───────────────────────────────────────────────────────────┐
 │Master Password: Type here...                                               │
 │  ⚠️  Strength: Weak (0/100)                                                 │
 │                                                                            │
 └────────────────────────────────────────────────────────────────────────────┘
 ┌ Confirm Password ──────────────────────────────────────────────────────────┐
 │Confirm Password:                                                           │
 │                                                                            │
 │                                                                            │
 └────────────────────────────────────────────────────────────────────────────┘
 Hint: Password must be at least 8 characters


 💡  This password is only used to encrypt the Passkey
 ┌────────────────────────────────────────────────────────────────────────────┐
 │                   Enter         Tab: Switch    Esc: Back                   │
 └────────────────────────────────────────────────────────────────────────────┘


Step 2: valid_password
─────────────────────

 ┌────────────────────────────────────────────────────────────────────────────┐
 │                     Set Master Password for This Device                    │
 └────────────────────────────────────────────────────────────────────────────┘


 ┌ Master Password ───────────────────────────────────────────────────────────┐
 │Master Password: Type here...                                               │
 │  ⚠️  Strength: Weak (0/100)                                                 │
 │                                                                            │
 └────────────────────────────────────────────────────────────────────────────┘
 ┌ Confirm Password ──────────────────────────────────────────────────────────┐
 │Confirm Password:                                                           │
 │                                                                            │
 │                                                                            │
 └────────────────────────────────────────────────────────────────────────────┘
 Hint: Password must be at least 8 characters


 💡  This password is only used to encrypt the Passkey
 ┌────────────────────────────────────────────────────────────────────────────┐
 │                   Enter         Tab: Switch    Esc: Back                   │
 └────────────────────────────────────────────────────────────────────────────┘
