---
source: src/tui/tests/app_snapshot_tests.rs
expression: "&app.output_lines"
---
[
    "OpenKeyring TUI v0.1.0",
    "Type /help for available commands",
    "",
    "> /config",
    "⚙\u{fe0f}  Configuration",
    "━━━━━━━━━━━━━━━━━━━━━━━━━━━━━━━━━━━━━━━━",
    "",
    "[Database]",
    "  database.path = /var/folders/ft/fkw6yj6d0ndbs8ksqr5pq2k80000gn/T/.tmpKxl3Nk/passwords.db",
    "  database.encryption_enabled = true",
    "",
    "[Sync]",
    "  sync.enabled = false",
    "  sync.provider = icloud",
    "  sync.remote_path = /OpenKeyring",
    "  sync.auto = false",
    "  sync.conflict_resolution = newer",
    "",
    "[Clipboard]",
    "  clipboard.timeout = 30 seconds",
    "  clipboard.clear_after_copy = true",
    "  clipboard.max_content_length = 1024",
]
