---
source: src/tui/tests/integration_tests.rs
expression: seq.to_string()
---
Sequence: app_to_wizard_transition

Step 1: main_screen
──────────────────
┌ OpenKeyring TUI ─────────────────────────────────────────────────────────────┐
│OpenKeyring TUI v0.1.0                                                        │
│Type /help for available commands                                             │
│                                                                              │
│                                                                              │
│                                                                              │
│                                                                              │
│                                                                              │
│                                                                              │
│                                                                              │
│                                                                              │
│                                                                              │
│                                                                              │
│                                                                              │
│                                                                              │
│                                                                              │
│                                                                              │
│                                                                              │
│                                                                              │
└──────────────────────────────────────────────────────────────────────────────┘
┌──────────────────────────────────────────────────────────────────────────────┐
│> Type a command...                                                           │
└──────────────────────────────────────────────────────────────────────────────┘
┌──────────────────────────────────────────────────────────────────────────────┐

Step 2: wizard_screen
────────────────────


  ┌──────────────────────────────────────────────────────────────────────────┐
  │                          OpenKeyring 初 始 化 向 导                           │
  └──────────────────────────────────────────────────────────────────────────┘


                             欢 迎 使 用  OpenKeyring！



  选 择 设 置 方 式 :

  ┌ 选 项  / Options ──────────────────────────────────────────────────────────┐
  │  ● 全 新 使 用 （ 生 成 新 的  Passkey）                                           │
  │    将 生 成 一 个  24 词 的  Passkey                                            │
  │                                                                          │
  │  ○ 导 入 已 有  Passkey                                                      │
  └──────────────────────────────────────────────────────────────────────────┘
  ┌──────────────────────────────────────────────────────────────────────────┐
  │                  Enter: 下 一 步     ↑↓: 选 择     Esc: 退 出                   │
  └──────────────────────────────────────────────────────────────────────────┘



Step 3: back_to_main
───────────────────
┌ OpenKeyring TUI ─────────────────────────────────────────────────────────────┐
│OpenKeyring TUI v0.1.0                                                        │
│Type /help for available commands                                             │
│                                                                              │
│Navigated to: Onboarding Wizard                                               │
│Returned to main screen                                                       │
│                                                                              │
│                                                                              │
│                                                                              │
│                                                                              │
│                                                                              │
│                                                                              │
│                                                                              │
│                                                                              │
│                                                                              │
│                                                                              │
│                                                                              │
│                                                                              │
│                                                                              │
└──────────────────────────────────────────────────────────────────────────────┘
┌──────────────────────────────────────────────────────────────────────────────┐
│> Type a command...                                                           │
└──────────────────────────────────────────────────────────────────────────────┘
┌──────────────────────────────────────────────────────────────────────────────┐
