---
source: src/tui/tests/wizard_snapshot_tests.rs
expression: state
---
WizardState {
    step: Welcome,
    passkey_choice: Some(
        ImportExisting,
    ),
    passkey_words: None,
    master_password: None,
    master_password_confirm: None,
    verify_positions: None,
    verify_answers: None,
    password_policy: PasswordPolicyConfig {
        default_type: Random,
        default_length: 16,
        min_digits: 2,
        min_special: 1,
    },
    clipboard_timeout: Seconds30,
    trash_retention: Days30,
    skip_import: true,
    confirmed: false,
    keystore_path: None,
    error: None,
}
