---
source: src/tui/tests/integration_tests.rs
expression: seq.to_string()
---
Sequence: app_to_wizard_transition

Step 1: main_screen
──────────────────
┌ OpenKeyring TUI ─────────────────────────────────────────────────────────────┐
│OpenKeyring TUI v0.1.0                                                        │
│Type /help for available commands                                             │
│                                                                              │
│                                                                              │
│                                                                              │
│                                                                              │
│                                                                              │
│                                                                              │
│                                                                              │
│                                                                              │
│                                                                              │
│                                                                              │
│                                                                              │
│                                                                              │
│                                                                              │
│                                                                              │
│                                                                              │
│                                                                              │
└──────────────────────────────────────────────────────────────────────────────┘
┌──────────────────────────────────────────────────────────────────────────────┐
│> Type a command...                                                           │
└──────────────────────────────────────────────────────────────────────────────┘
┌──────────────────────────────────────────────────────────────────────────────┐

Step 2: wizard_screen
────────────────────


  ┌──────────────────────────────────────────────────────────────────────────┐
  │                         OpenKeyring Setup Wizard                         │
  └──────────────────────────────────────────────────────────────────────────┘


                             Welcome to OpenKeyring!



  Choose setup method:

  ┌ Options ─────────────────────────────────────────────────────────────────┐
  │  ● New User (Generate New Passkey)                                       │
  │    A 24-word Passkey will be generated                                   │
  │                                                                          │
  │  ○ Import Existing Passkey                                               │
  └──────────────────────────────────────────────────────────────────────────┘
  ┌──────────────────────────────────────────────────────────────────────────┐
  │                  Enter: Next    ↑↓: Choose    Esc: Exit                  │
  └──────────────────────────────────────────────────────────────────────────┘



Step 3: back_to_main
───────────────────
┌ OpenKeyring TUI ─────────────────────────────────────────────────────────────┐
│OpenKeyring TUI v0.1.0                                                        │
│Type /help for available commands                                             │
│                                                                              │
│Navigated to: Onboarding Wizard                                               │
│Returned to main screen                                                       │
│                                                                              │
│                                                                              │
│                                                                              │
│                                                                              │
│                                                                              │
│                                                                              │
│                                                                              │
│                                                                              │
│                                                                              │
│                                                                              │
│                                                                              │
│                                                                              │
│                                                                              │
└──────────────────────────────────────────────────────────────────────────────┘
┌──────────────────────────────────────────────────────────────────────────────┐
│> Type a command...                                                           │
└──────────────────────────────────────────────────────────────────────────────┘
┌──────────────────────────────────────────────────────────────────────────────┐
