---
source: src/tui/tests/visual_regression_tests.rs
expression: seq.to_string()
---
Sequence: screen_navigation_render

Step 1: main_screen
──────────────────
┌ [1] Groups ──────────────┐┌ [3] Details ─────────────────────────────────────┐
│                          ││                                                  │
│No passwords yet          ││OpenKeyring                                       │
│                          ││Privacy-first Password Manager                    │
│Press [n] to create one   ││                                                  │
│                          ││Version: v0.1.0                                   │
│                          ││License: MIT License                              │
│                          ││Website: github.com/open-keyring                  │
│                          ││                                                  │
│                          ││Press [n] to create your first password           │
│                          ││                                                  │
│                          ││                                                  │
│                          ││                                                  │
│                          ││                                                  │
│                          ││                                                  │
└──────────────────────────┘│                                                  │
┌ [2] Filters ─────────────┐│                                                  │
│[ ] 📋  All                │└──────────────────────────────────────────────────┘
│[ ] 🗑 Trash               │┌ [4] Status ──────────────────────────────────────┐
│[ ] ⏰  Expired            ││OpenKeyring v0.1.0                                │
│[ ] ⭐  Favorite           ││Stats: Coming soon                                │
│                          ││                                                  │
└──────────────────────────┘└──────────────────────────────────────────────────┘
Focus: Tree | [1-3] Switch | [j/k] Navigate | [q] Quit

Step 2: settings_screen
──────────────────────

                                    Settings

              Use ↑↓ to navigate, Enter to confirm, Esc to go back

 ┌ Settings ──────────────────────────────────────────────────────────────────┐
 │Security:                                                                   │
 │                                                                            │
 │  Change Password                                                           │
 │  Biometric Unlock: Off                                                     │
 │                                                                            │
 │Sync:                                                                       │
 │                                                                            │
 │  Status: Unsynced                                                          │
 │  Provider: None                                                            │
 │  Devices: 1 device                                                         │
 │  Configure                                                                 │
 │                                                                            │
 │Sync Options:                                                               │
 └────────────────────────────────────────────────────────────────────────────┘
 ┌────────────────────────────────────────────────────────────────────────────┐
 │                    Enter: Open  ↑↓: Navigate  Esc: Back                    │
 └────────────────────────────────────────────────────────────────────────────┘


Step 3: help_screen
──────────────────
┌ OpenKeyring TUI ─────────────────────────────────────────────────────────────┐
│OpenKeyring TUI v0.1.0                                                        │
│Type /help for available commands                                             │
│                                                                              │
│Navigated to: Settings                                                        │
│Navigated to: Help                                                            │
│                                                                              │
│                                                                              │
│                                                                              │
│                                                                              │
│                                                                              │
│                                                                              │
│                                                                              │
│                                                                              │
│                                                                              │
│                                                                              │
│                                                                              │
│                                                                              │
│                                                                              │
└──────────────────────────────────────────────────────────────────────────────┘
┌──────────────────────────────────────────────────────────────────────────────┐
│> Type a command...                                                           │
└──────────────────────────────────────────────────────────────────────────────┘
┌──────────────────────────────────────────────────────────────────────────────┐

Step 4: back_to_main
───────────────────
┌ [1] Groups ──────────────┐┌ [3] Details ─────────────────────────────────────┐
│                          ││                                                  │
│No passwords yet          ││OpenKeyring                                       │
│                          ││Privacy-first Password Manager                    │
│Press [n] to create one   ││                                                  │
│                          ││Version: v0.1.0                                   │
│                          ││License: MIT License                              │
│                          ││Website: github.com/open-keyring                  │
│                          ││                                                  │
│                          ││Press [n] to create your first password           │
│                          ││                                                  │
│                          ││                                                  │
│                          ││                                                  │
│                          ││                                                  │
│                          ││                                                  │
└──────────────────────────┘│                                                  │
┌ [2] Filters ─────────────┐│                                                  │
│[ ] 📋  All                │└──────────────────────────────────────────────────┘
│[ ] 🗑 Trash               │┌ [4] Status ──────────────────────────────────────┐
│[ ] ⏰  Expired            ││OpenKeyring v0.1.0                                │
│[ ] ⭐  Favorite           ││Stats: Coming soon                                │
│                          ││                                                  │
└──────────────────────────┘└──────────────────────────────────────────────────┘
Focus: Tree | [1-3] Switch | [j/k] Navigate | [q] Quit
