---
source: src/tui/tests/integration_tests.rs
expression: seq.to_string()
---
Sequence: screen_sizes

Step 1: 60x20
────────────

 ┌────────────────────────────────────────────────────────┐
 └────────────────────────────────────────────────────────┘


 ┌ Master Password ───────────────────────────────────────┐
 │Master Password: Type here...                           │
 │  ⚠️  Strength: Weak (0/100)                             │
 │                                                        │
 └────────────────────────────────────────────────────────┘
 ┌ Confirm Password ──────────────────────────────────────┐
 │Confirm Password:                                       │
 │                                                        │
 └────────────────────────────────────────────────────────┘
 Hint: Password must be at least 8 characters

 ┌────────────────────────────────────────────────────────┐
 │         Enter         Tab: Switch    Esc: Back         │
 └────────────────────────────────────────────────────────┘


Step 2: 80x24
────────────

 ┌────────────────────────────────────────────────────────────────────────────┐
 │                     Set Master Password for This Device                    │
 └────────────────────────────────────────────────────────────────────────────┘


 ┌ Master Password ───────────────────────────────────────────────────────────┐
 │Master Password: Type here...                                               │
 │  ⚠️  Strength: Weak (0/100)                                                 │
 │                                                                            │
 └────────────────────────────────────────────────────────────────────────────┘
 ┌ Confirm Password ──────────────────────────────────────────────────────────┐
 │Confirm Password:                                                           │
 │                                                                            │
 │                                                                            │
 └────────────────────────────────────────────────────────────────────────────┘
 Hint: Password must be at least 8 characters


 💡  This password is only used to encrypt the Passkey
 ┌────────────────────────────────────────────────────────────────────────────┐
 │                   Enter         Tab: Switch    Esc: Back                   │
 └────────────────────────────────────────────────────────────────────────────┘


Step 3: 120x30
─────────────

 ┌────────────────────────────────────────────────────────────────────────────────────────────────────────────────────┐
 │                                         Set Master Password for This Device                                        │
 └────────────────────────────────────────────────────────────────────────────────────────────────────────────────────┘


 ┌ Master Password ───────────────────────────────────────────────────────────────────────────────────────────────────┐
 │Master Password: Type here...                                                                                       │
 │  ⚠️  Strength: Weak (0/100)                                                                                         │
 │                                                                                                                    │
 └────────────────────────────────────────────────────────────────────────────────────────────────────────────────────┘
 ┌ Confirm Password ──────────────────────────────────────────────────────────────────────────────────────────────────┐
 │Confirm Password:                                                                                                   │
 │                                                                                                                    │
 │                                                                                                                    │
 └────────────────────────────────────────────────────────────────────────────────────────────────────────────────────┘
 Hint: Password must be at least 8 characters


 💡  This password is only used to encrypt the Passkey
 Can be different from other devices





 ┌────────────────────────────────────────────────────────────────────────────────────────────────────────────────────┐
 │                                       Enter         Tab: Switch    Esc: Back                                       │
 └────────────────────────────────────────────────────────────────────────────────────────────────────────────────────┘
