---
source: src/tui/tests/integration_tests.rs
expression: seq.to_string()
---
Sequence: wizard_back_flow

Step 1: at_master_password
─────────────────────────

 ┌────────────────────────────────────────────────────────────────────────────┐
 │                     Set Master Password for This Device                    │
 └────────────────────────────────────────────────────────────────────────────┘


 ┌ Master Password ───────────────────────────────────────────────────────────┐
 │Master Password: Type here...                                               │
 │  ⚠️  Strength: Weak (0/100)                                                 │
 │                                                                            │
 └────────────────────────────────────────────────────────────────────────────┘
 ┌ Confirm Password ──────────────────────────────────────────────────────────┐
 │Confirm Password:                                                           │
 │                                                                            │
 │                                                                            │
 └────────────────────────────────────────────────────────────────────────────┘
 Hint: Password must be at least 8 characters


 💡  This password is only used to encrypt the Passkey
 ┌────────────────────────────────────────────────────────────────────────────┐
 │                   Enter         Tab: Switch    Esc: Back                   │
 └────────────────────────────────────────────────────────────────────────────┘


Step 2: back_to_confirm
──────────────────────

 ┌────────────────────────────────────────────────────────────────────────────┐
 │                               Confirm Passkey                              │
 └────────────────────────────────────────────────────────────────────────────┘


               ⚠️  Please confirm you have safely saved the Passkey

 ┌ Passkey Summary ───────────────────────────────────────────────────────────┐
 │Passkey Summary (24 words):                                                 │
 │                                                                            │
 │First 4 words:                                                              │
 │word word word word                                                         │
 │                                                                            │
 │Last 4 words:                                                               │
 │word word word word                                                         │
 └────────────────────────────────────────────────────────────────────────────┘
 ┌────────────────────────────────────────────────────────────────────────────┐
 │                     ☐ I have safely saved this Passkey                     │
 └────────────────────────────────────────────────────────────────────────────┘
 ┌────────────────────────────────────────────────────────────────────────────┐
 │             Enter: Confirm first    Space: Confirm    Esc: Back            │
 └────────────────────────────────────────────────────────────────────────────┘


Step 3: back_to_generate
───────────────────────

 ┌────────────────────────────────────────────────────────────────────────────┐
 │                            Generate New Passkey                            │
 └────────────────────────────────────────────────────────────────────────────┘


    ⚠️  Please save these 24 words, this is the ONLY way to recover your data!


 ┌────────────────────────────────────────────────────────────────────────────┐
 │                            Generating Passkey...                           │
 │                                                                            │
 │                                                                            │
 │                                                                            │
 │                                                                            │
 │                                                                            │
 └────────────────────────────────────────────────────────────────────────────┘
 ┌────────────────────────────────────────────────────────────────────────────┐
 │                         ☐ I have saved the Passkey                         │
 └────────────────────────────────────────────────────────────────────────────┘
 ┌────────────────────────────────────────────────────────────────────────────┐
 │             Enter: Confirm first    Space: Confirm    Esc: Back            │
 └────────────────────────────────────────────────────────────────────────────┘
