---
source: src/tui/tests/screen_snapshot_tests.rs
expression: output
---

 ┌────────────────────────────────────────────────────────────────────────────┐
 │                              导 入 已 有  Passkey                              │
 └────────────────────────────────────────────────────────────────────────────┘


 请 输 入 您 的  12 或  24 词  Passkey（ 用 空 格 分 隔 ） :

 ┌ 输 入  / Input ──────────────────────────────────────────────────────────────┐
 │> abandon ability able about above absent absorb abstract absurd abuse      │
 │access accident account accuse act                                          │
 │                                                                            │
 └────────────────────────────────────────────────────────────────────────────┘
 ✗ Passkey 必 须 是  12 或  24 词 （ 当 前 ： 15 词 ）






 ┌────────────────────────────────────────────────────────────────────────────┐
 │                          Enter: 验 证     Esc: 返 回                           │
 └────────────────────────────────────────────────────────────────────────────┘
