---
source: src/tui/tests/app_snapshot_tests.rs
expression: seq.to_string()
---
Sequence: autocomplete_sequence

Step 1: autocomplete_h
─────────────────────
buffer: '/help '

Step 2: autocomplete_l
─────────────────────
buffer: '/list '

Step 3: autocomplete_s
─────────────────────
buffer: '/search '
