---
source: src/tui/tests/integration_tests.rs
expression: seq.to_string()
---
Sequence: screen_sizes

Step 1: 60x20
────────────

 ┌────────────────────────────────────────────────────────┐
 │                  Generate New Passkey                  │
 └────────────────────────────────────────────────────────┘


 ⚠️  Please save these 24 words, this is the ONLY way to rec


 ┌────────────────────────────────────────────────────────┐
 │                  Generating Passkey...                 │
 │                                                        │
 └────────────────────────────────────────────────────────┘
 ┌────────────────────────────────────────────────────────┐
 │               ☐ I have saved the Passkey               │
 └────────────────────────────────────────────────────────┘
 ┌────────────────────────────────────────────────────────┐
 │   Enter: Confirm first    Space: Confirm    Esc: Back  │
 └────────────────────────────────────────────────────────┘


Step 2: 80x24
────────────

 ┌────────────────────────────────────────────────────────────────────────────┐
 │                            Generate New Passkey                            │
 └────────────────────────────────────────────────────────────────────────────┘


    ⚠️  Please save these 24 words, this is the ONLY way to recover your data!


 ┌────────────────────────────────────────────────────────────────────────────┐
 │                            Generating Passkey...                           │
 │                                                                            │
 │                                                                            │
 │                                                                            │
 │                                                                            │
 │                                                                            │
 └────────────────────────────────────────────────────────────────────────────┘
 ┌────────────────────────────────────────────────────────────────────────────┐
 │                         ☐ I have saved the Passkey                         │
 └────────────────────────────────────────────────────────────────────────────┘
 ┌────────────────────────────────────────────────────────────────────────────┐
 │             Enter: Confirm first    Space: Confirm    Esc: Back            │
 └────────────────────────────────────────────────────────────────────────────┘


Step 3: 120x30
─────────────

 ┌────────────────────────────────────────────────────────────────────────────────────────────────────────────────────┐
 │                                                Generate New Passkey                                                │
 └────────────────────────────────────────────────────────────────────────────────────────────────────────────────────┘


                        ⚠️  Please save these 24 words, this is the ONLY way to recover your data!


 ┌────────────────────────────────────────────────────────────────────────────────────────────────────────────────────┐
 │                                                Generating Passkey...                                               │
 │                                                                                                                    │
 │                                                                                                                    │
 │                                                                                                                    │
 │                                                                                                                    │
 │                                                                                                                    │
 │                                                                                                                    │
 │                                                                                                                    │
 │                                                                                                                    │
 │                                                                                                                    │
 │                                                                                                                    │
 │                                                                                                                    │
 └────────────────────────────────────────────────────────────────────────────────────────────────────────────────────┘
 ┌────────────────────────────────────────────────────────────────────────────────────────────────────────────────────┐
 │                                             ☐ I have saved the Passkey                                             │
 └────────────────────────────────────────────────────────────────────────────────────────────────────────────────────┘
 ┌────────────────────────────────────────────────────────────────────────────────────────────────────────────────────┐
 │                                 Enter: Confirm first    Space: Confirm    Esc: Back                                │
 └────────────────────────────────────────────────────────────────────────────────────────────────────────────────────┘
